Archive member included to satisfy reference by file (symbol)

/Applications/SEGGER/SEGGER Embedded Studio 8.18/lib/libc_v7em_fpv4_sp_d16_hard_t_le_eabi_balanced.a(__SEGGER_RTL_vfprintf_long.o)
                              (__SEGGER_RTL_vfprintf_long)
/Applications/SEGGER/SEGGER Embedded Studio 8.18/lib/libc_v7em_fpv4_sp_d16_hard_t_le_eabi_balanced.a(__SEGGER_RTL_vfscanf_long.o)
                              (__SEGGER_RTL_vfscanf_long)
/Applications/SEGGER/SEGGER Embedded Studio 8.18/lib/libc_v7em_fpv4_sp_d16_hard_t_le_eabi_balanced.a(utilops.o)
                              /Applications/SEGGER/SEGGER Embedded Studio 8.18/lib/libc_v7em_fpv4_sp_d16_hard_t_le_eabi_balanced.a(__SEGGER_RTL_vfscanf_long.o) (__SEGGER_RTL_digit)
/Applications/SEGGER/SEGGER Embedded Studio 8.18/lib/libc_v7em_fpv4_sp_d16_hard_t_le_eabi_balanced.a(floatasmops_arm.o)
                              /Applications/SEGGER/SEGGER Embedded Studio 8.18/lib/libc_v7em_fpv4_sp_d16_hard_t_le_eabi_balanced.a(utilops.o) (__aeabi_dmul)
/Applications/SEGGER/SEGGER Embedded Studio 8.18/lib/libc_v7em_fpv4_sp_d16_hard_t_le_eabi_balanced.a(intasmops_arm.o)
                              /Applications/SEGGER/SEGGER Embedded Studio 8.18/lib/libc_v7em_fpv4_sp_d16_hard_t_le_eabi_balanced.a(__SEGGER_RTL_vfprintf_long.o) (__aeabi_uldivmod)
/Applications/SEGGER/SEGGER Embedded Studio 8.18/lib/libc_v7em_fpv4_sp_d16_hard_t_le_eabi_balanced.a(prinops.o)
                              /Applications/SEGGER/SEGGER Embedded Studio 8.18/lib/libc_v7em_fpv4_sp_d16_hard_t_le_eabi_balanced.a(__SEGGER_RTL_vfprintf_long.o) (__SEGGER_RTL_putc)
/Applications/SEGGER/SEGGER Embedded Studio 8.18/lib/libc_v7em_fpv4_sp_d16_hard_t_le_eabi_balanced.a(fileops.o)
                              /Applications/SEGGER/SEGGER Embedded Studio 8.18/lib/libc_v7em_fpv4_sp_d16_hard_t_le_eabi_balanced.a(prinops.o) (fwrite)
/Applications/SEGGER/SEGGER Embedded Studio 8.18/lib/libc_v7em_fpv4_sp_d16_hard_t_le_eabi_balanced.a(errno.o)
                              /Applications/SEGGER/SEGGER Embedded Studio 8.18/lib/libc_v7em_fpv4_sp_d16_hard_t_le_eabi_balanced.a(fileops.o) (__aeabi_errno_addr)
/Applications/SEGGER/SEGGER Embedded Studio 8.18/lib/heapops_basic_v7em_fpv4_sp_d16_hard_t_le_eabi_balanced.a(heapops_basic.o)
                              Output/Release/Obj/sthealth2/thumb_crt0.o (__SEGGER_RTL_init_heap)
/Applications/SEGGER/SEGGER Embedded Studio 8.18/lib/heapops_disable_interrupts_locking_v7em_fpv4_sp_d16_hard_t_le_eabi_balanced.a(heapops.o)
                              /Applications/SEGGER/SEGGER Embedded Studio 8.18/lib/libc_v7em_fpv4_sp_d16_hard_t_le_eabi_balanced.a(prinops.o) (free)
/Applications/SEGGER/SEGGER Embedded Studio 8.18/lib/strops_unaligned_v7em_fpv4_sp_d16_hard_t_le_eabi_balanced.a(strops.o)
                              Output/Release/Obj/sthealth2/ble_advdata.o (memcmp)
/Applications/SEGGER/SEGGER Embedded Studio 8.18/lib/strops_unaligned_v7em_fpv4_sp_d16_hard_t_le_eabi_balanced.a(strasmops_arm.o)
                              /Applications/SEGGER/SEGGER Embedded Studio 8.18/lib/strops_unaligned_v7em_fpv4_sp_d16_hard_t_le_eabi_balanced.a(strops.o) (strcmp)
/Applications/SEGGER/SEGGER Embedded Studio 8.18/lib/mbops_timeops_v7em_fpv4_sp_d16_hard_t_le_eabi_balanced.a(mbops.o)
                              /Applications/SEGGER/SEGGER Embedded Studio 8.18/lib/libc_v7em_fpv4_sp_d16_hard_t_le_eabi_balanced.a(prinops.o) (__SEGGER_RTL_current_locale)
/Applications/SEGGER/SEGGER Embedded Studio 8.18/lib/mbops_timeops_v7em_fpv4_sp_d16_hard_t_le_eabi_balanced.a(timeops.o)
                              /Applications/SEGGER/SEGGER Embedded Studio 8.18/lib/mbops_timeops_v7em_fpv4_sp_d16_hard_t_le_eabi_balanced.a(mbops.o) (__SEGGER_RTL_string_list_encode)
/Applications/SEGGER/SEGGER Embedded Studio 8.18/lib/libc_v7em_fpv4_sp_d16_hard_t_le_eabi_balanced.a(execops.o)
                              /Applications/SEGGER/SEGGER Embedded Studio 8.18/lib/strops_unaligned_v7em_fpv4_sp_d16_hard_t_le_eabi_balanced.a(strops.o) (__SEGGER_RTL_constraint_violation)
/Applications/SEGGER/SEGGER Embedded Studio 8.18/lib/libc_v7em_fpv4_sp_d16_hard_t_le_eabi_balanced.a(execops_arm.o)
                              /Applications/SEGGER/SEGGER Embedded Studio 8.18/lib/libc_v7em_fpv4_sp_d16_hard_t_le_eabi_balanced.a(execops.o) (__aeabi_SIGABRT)
/Applications/SEGGER/SEGGER Embedded Studio 8.18/lib/libc_v7em_fpv4_sp_d16_hard_t_le_eabi_balanced.a(intops.o)
                              /Applications/SEGGER/SEGGER Embedded Studio 8.18/lib/mbops_timeops_v7em_fpv4_sp_d16_hard_t_le_eabi_balanced.a(timeops.o) (div)
/Applications/SEGGER/SEGGER Embedded Studio 8.18/lib/libc_v7em_fpv4_sp_d16_hard_t_le_eabi_balanced.a(sortops.o)
                              /Applications/SEGGER/SEGGER Embedded Studio 8.18/lib/mbops_timeops_v7em_fpv4_sp_d16_hard_t_le_eabi_balanced.a(mbops.o) (bsearch)
/Applications/SEGGER/SEGGER Embedded Studio 8.18/lib/libc_v7em_fpv4_sp_d16_hard_t_le_eabi_balanced.a(convops.o)
[...]
Memory Configuration

Name             Origin             Length             Attributes
UNPLACED_SECTIONS 0x00000000         0x00000000         xw
RAM1             0x20000000         0x00010000         xw
FLASH1           0x00000000         0x00080000         xw
*default*        0x00000000         0xffffffff

Linker script and memory map

                0x20000000                        __RAM1_segment_start__ = 0x20000000
                0x20010000                        __RAM1_segment_end__ = 0x20010000
                0x00010000                        __RAM1_segment_size__ = 0x10000
                0x00000000                        __FLASH1_segment_start__ = 0x0
                0x00080000                        __FLASH1_segment_end__ = 0x80000
                0x00080000                        __FLASH1_segment_size__ = 0x80000
                0x00002000                        __HEAPSIZE__ = 0x2000
                0x00000000                        __SEGGER_RTL_vfprintf = __SEGGER_RTL_vfprintf_long
                0x00000000                        __SEGGER_RTL_vfscanf = __SEGGER_RTL_vfscanf_long
                0x00000000                        __STACKSIZE_PROCESS__ = 0x0
                0x00002000                        __STACKSIZE__ = 0x2000
                0x20000000                        __reserved_ram_load_start__ = 0x20000000

.reserved_ram   0x20000000     0x5968
                0x20000000                        __reserved_ram_start__ = .
 *(.reserved_ram .reserved_ram.*)
                0x20005968                        . = MAX (((__reserved_ram_start__ + 0x20005968) - 0x20000000), .)
 *fill*         0x20000000     0x5968 
                0x20005968                        __reserved_ram_end__ = (__reserved_ram_start__ + SIZEOF (.reserved_ram))
                0x00005968                        __reserved_ram_size__ = SIZEOF (.reserved_ram)
                0x20005968                        __reserved_ram_load_end__ = __reserved_ram_end__
                0x00000001                        . = ASSERT (((__reserved_ram_start__ == __reserved_ram_end__) || ((__reserved_ram_end__ - __RAM1_segment_start__) <= __RAM1_segment_size__)), error: .reserved_ram is too large to fit in RAM1 memory segment)
                0x00000001                        . = ASSERT ((__reserved_ram_size__ <= 0x5968), error: .reserved_ram section is larger than specified size)
                0x20005968                        __vectors_ram_load_start__ = 0x20005968

.vectors_ram    0x20005968        0x0
                0x20005968                        __vectors_ram_start__ = .
                0x20005968                        __app_ram_start__ = __vectors_ram_start__
 *(.vectors_ram .vectors_ram.*)
                0x20005968                        __vectors_ram_end__ = (__vectors_ram_start__ + SIZEOF (.vectors_ram))
                0x00000000                        __vectors_ram_size__ = SIZEOF (.vectors_ram)
                0x20005968                        __vectors_ram_load_end__ = __vectors_ram_end__
                0x00000001                        . = ASSERT (((__vectors_ram_start__ == __vectors_ram_end__) || ((__vectors_ram_end__ - __RAM1_segment_start__) <= __RAM1_segment_size__)), error: .vectors_ram is too large to fit in RAM1 memory segment)
                0x00000001                        . = ASSERT ((__reserved_ram_end__ <= __vectors_ram_start__), error: section .reserved_ram overlaps absolute placed section .vectors_ram)
                0x20005968                        __nrf_sections_run_load_start__ = ALIGN (__vectors_ram_end__, 0x4)

.nrf_sections_run
                0x20005968        0x0
                0x20005968                        __nrf_sections_run_start__ = .
                0x20005968                        __start_nrf_sections_run = __nrf_sections_run_start__
 *(.nrf_sections_run .nrf_sections_run.*)
                0x20005968                        __nrf_sections_run_end__ = (__nrf_sections_run_start__ + SIZEOF (.nrf_sections_run))
                0x00000000                        __nrf_sections_run_size__ = SIZEOF (.nrf_sections_run)
                0x20005968                        __nrf_sections_run_load_end__ = __nrf_sections_run_end__
                0x00000001                        . = ASSERT (((__nrf_sections_run_start__ == __nrf_sections_run_end__) || ((__nrf_sections_run_end__ - __RAM1_segment_start__) <= __RAM1_segment_size__)), error: .nrf_sections_run is too large to fit in RAM1 memory segment)
                0x00000000                        __reserved_flash_load_start__ = 0x0

.reserved_flash
                0x00000000    0x26000
                0x00000000                        __reserved_flash_start__ = .
 *(.reserved_flash .reserved_flash.*)
                0x00026000                        . = MAX (((__reserved_flash_start__ + 0x26000) - 0x0), .)
 *fill*         0x00000000    0x26000 
                0x00026000                        __reserved_flash_end__ = (__reserved_flash_start__ + SIZEOF (.reserved_flash))
                0x00026000                        __reserved_flash_size__ = SIZEOF (.reserved_flash)
                0x00026000                        __reserved_flash_load_end__ = __reserved_flash_end__
                0x00000001                        . = ASSERT (((__reserved_flash_start__ == __reserved_flash_end__) || ((__reserved_flash_end__ - __FLASH1_segment_start__) <= __FLASH1_segment_size__)), error: .reserved_flash is too large to fit in FLASH1 memory segment)
                0x00000001                        . = ASSERT ((__reserved_flash_size__ <= 0x26000), error: .reserved_flash section is larger than specified size)
                0x00026000                        __vectors_load_start__ = 0x26000

.vectors        0x00026000      0x200
                0x00026000                        __vectors_start__ = .
 *(.vectors .vectors.*)
 .vectors       0x00026000      0x200 Output/Release/Obj/sthealth2/ses_startup_nrf52.o
                0x00026000                _vectors
                0x00026200                        __vectors_end__ = (__vectors_start__ + SIZEOF (.vectors))
                0x00000200                        __vectors_size__ = SIZEOF (.vectors)
                0x00026200                        __vectors_load_end__ = __vectors_end__
                0x00000001                        . = ASSERT (((__vectors_start__ == __vectors_end__) || ((__vectors_end__ - __FLASH1_segment_start__) <= __FLASH1_segment_size__)), error: .vectors is too large to fit in FLASH1 memory segment)
                0x00000001                        . = ASSERT ((__reserved_flash_end__ <= __vectors_start__), error: section .reserved_flash overlaps absolute placed section .vectors)
                0x00026200                        __init_load_start__ = ALIGN (__vectors_end__, 0x4)

.init           0x00026200      0x1e4
                0x00026200                        __init_start__ = .
 *(.init .init.*)
 .init          0x00026200       0x18 Output/Release/Obj/sthealth2/ses_startup_nrf52.o
                0x00026200                NMI_Handler
                0x00026202                HardFault_Handler
                0x00026204                MemoryManagement_Handler
                0x00026206                BusFault_Handler
                0x00026208                UsageFault_Handler
                0x0002620a                SVC_Handler
                0x0002620c                DebugMon_Handler
                0x0002620e                PendSV_Handler
                0x00026210                SysTick_Handler
                0x00026212                QDEC_IRQHandler
                0x00026212                TIMER3_IRQHandler
                0x00026212                FPU_IRQHandler
                0x00026212                UARTE0_UART0_IRQHandler
                0x00026212                TIMER4_IRQHandler
                0x00026212                I2S_IRQHandler
                0x00026212                SWI4_EGU4_IRQHandler
                0x00026212                TIMER0_IRQHandler
                0x00026212                Dummy_Handler
                0x00026212                TIMER1_IRQHandler
                0x00026212                PWM2_IRQHandler
                0x00026212                ECB_IRQHandler
                0x00026212                SPIM1_SPIS1_TWIM1_TWIS1_SPI1_TWI1_IRQHandler
                0x00026212                SAADC_IRQHandler
                0x00026212                CCM_AAR_IRQHandler
                0x00026212                WDT_IRQHandler
                0x00026212                SWI5_EGU5_IRQHandler
                0x00026212                RNG_IRQHandler
                0x00026212                RTC2_IRQHandler
                0x00026212                PWM0_IRQHandler
                0x00026212                SWI3_EGU3_IRQHandler
                0x00026212                RTC1_IRQHandler
                0x00026212                SWI1_EGU1_IRQHandler
                0x00026212                SPIM2_SPIS2_SPI2_IRQHandler
                0x00026212                NFCT_IRQHandler
                0x00026212                MWU_IRQHandler
                0x00026212                COMP_LPCOMP_IRQHandler
                0x00026212                RTC0_IRQHandler
                0x00026212                SWI0_EGU0_IRQHandler
                0x00026212                GPIOTE_IRQHandler
                0x00026212                PWM1_IRQHandler
                0x00026212                POWER_CLOCK_IRQHandler
                0x00026212                RADIO_IRQHandler
                0x00026212                PDM_IRQHandler
                0x00026212                TEMP_IRQHandler
                0x00026212                TIMER2_IRQHandler
                0x00026214                nRFInitialize
 .init          0x00026218       0x5c Output/Release/Obj/sthealth2/ses_startup_nrf_common.o
                0x00026218                Reset_Handler
                0x0002621c                afterInitialize
                0x00026240                InitializeUserMemorySections
 .init          0x00026274      0x170 Output/Release/Obj/sthealth2/thumb_crt0.o
                0x00026274                _start
                0x00026322                _Exit
                0x00026322                exit
                0x000263e4                        __init_end__ = (__init_start__ + SIZEOF (.init))
                0x000001e4                        __init_size__ = SIZEOF (.init)
                0x000263e4                        __init_load_end__ = __init_end__
                0x00000001                        . = ASSERT (((__init_start__ == __init_end__) || ((__init_end__ - __FLASH1_segment_start__) <= __FLASH1_segment_size__)), error: .init is too large to fit in FLASH1 memory segment)
                0x000263e4                        __init_rodata_load_start__ = ALIGN (__init_end__, 0x4)

.init_rodata    0x000263e4        0x0
                0x000263e4                        __init_rodata_start__ = .
 *(.init_rodata .init_rodata.*)
                0x000263e4                        __init_rodata_end__ = (__init_rodata_start__ + SIZEOF (.init_rodata))
                0x00000000                        __init_rodata_size__ = SIZEOF (.init_rodata)
                0x000263e4                        __init_rodata_load_end__ = __init_rodata_end__
                0x00000001                        . = ASSERT (((__init_rodata_start__ == __init_rodata_end__) || ((__init_rodata_end__ - __FLASH1_segment_start__) <= __FLASH1_segment_size__)), error: .init_rodata is too large to fit in FLASH1 memory segment)
                0x000263e4                        __text_load_start__ = ALIGN (__init_rodata_end__, 0x4)

.text           0x000263e4      0xe64
                0x000263e4                        __text_start__ = .
 *(.text .text.* .gnu.linkonce.t.* .glue_7t .glue_7 .gcc_except_table .ARM.extab* .gnu.linkonce.armextab.*)
 .glue_7        0x000263e4        0x0 linker stubs
 .glue_7t       0x000263e4        0x0 linker stubs
 .text.flag_toggle
                0x000263e4        0xa Output/Release/Obj/sthealth2/ble_conn_state.o
 .text.conn_handle_list_get
                0x000263ee       0x2e Output/Release/Obj/sthealth2/ble_conn_state.o
                0x000263ee                conn_handle_list_get
 .text.ble_evt_handler
                0x0002641c      0x110 Output/Release/Obj/sthealth2/ble_conn_state.o
 .text.ble_conn_state_valid
                0x0002652c       0x14 Output/Release/Obj/sthealth2/ble_conn_state.o
                0x0002652c                ble_conn_state_valid
 .text.ble_conn_state_conn_idx
                0x00026540       0x12 Output/Release/Obj/sthealth2/ble_conn_state.o
                0x00026540                ble_conn_state_conn_idx
 .text.blcm_link_ctx_get
                0x00026552       0x4e Output/Release/Obj/sthealth2/ble_link_ctx_manager.o
                0x00026552                blcm_link_ctx_get
 .text.sd_ble_gatts_value_get
                0x000265a0        0x4 Output/Release/Obj/sthealth2/ble_nus.o
 .text.ble_nus_on_ble_evt
                0x000265a4      0x12c Output/Release/Obj/sthealth2/ble_nus.o
                0x000265a4                ble_nus_on_ble_evt
 .text.ble_srv_is_notification_enabled
                0x000266d0        0x8 Output/Release/Obj/sthealth2/ble_srv_common.o
                0x000266d0                ble_srv_is_notification_enabled
 .text.startup.main
                0x000266d8       0x48 Output/Release/Obj/sthealth2/main.o
                0x000266d8                main
 .text.max30101_write_register
                0x00026720       0x24 Output/Release/Obj/sthealth2/max30101.o
                0x00026720                max30101_write_register
 .text.max30101_init
                0x00026744       0x24 Output/Release/Obj/sthealth2/max30101.o
                0x00026744                max30101_init
 .text.max30101_start_reading
                0x00026768       0x18 Output/Release/Obj/sthealth2/max30101.o
                0x00026768                max30101_start_reading
 .text.nrf_atflags_set
                0x00026780       0x12 Output/Release/Obj/sthealth2/nrf_atflags.o
                0x00026780                nrf_atflags_set
 .text.nrf_atflags_clear
                0x00026792       0x14 Output/Release/Obj/sthealth2/nrf_atflags.o
                0x00026792                nrf_atflags_clear
 .text.nrf_atflags_get
                0x000267a6       0x12 Output/Release/Obj/sthealth2/nrf_atflags.o
                0x000267a6                nrf_atflags_get
 .text.nrf_sdh_evts_poll
                0x000267b8       0x28 Output/Release/Obj/sthealth2/nrf_sdh.o
                0x000267b8                nrf_sdh_evts_poll
 .text.SWI2_EGU2_IRQHandler
                0x000267e0        0x4 Output/Release/Obj/sthealth2/nrf_sdh.o
                0x000267e0                SWI2_EGU2_IRQHandler
 .text.sd_ble_evt_get
                0x000267e4        0x4 Output/Release/Obj/sthealth2/nrf_sdh_ble.o
 .text.nrf_sdh_ble_evts_poll
                0x000267e8       0x58 Output/Release/Obj/sthealth2/nrf_sdh_ble.o
 .text.nrf_twim_event_clear
                0x00026840       0x10 Output/Release/Obj/sthealth2/nrfx_twim.o
 .text.xfer_completeness_check
                0x00026850       0x60 Output/Release/Obj/sthealth2/nrfx_twim.o
 .text.nrfx_twim_init
                0x000268b0       0xb0 Output/Release/Obj/sthealth2/nrfx_twim.o
                0x000268b0                nrfx_twim_init
 .text.nrfx_twim_enable
                0x00026960       0x20 Output/Release/Obj/sthealth2/nrfx_twim.o
                0x00026960                nrfx_twim_enable
 .text.nrfx_twim_xfer
                0x00026980      0x2d4 Output/Release/Obj/sthealth2/nrfx_twim.o
                0x00026980                nrfx_twim_xfer
 .text.nrfx_twim_tx
                0x00026c54       0x26 Output/Release/Obj/sthealth2/nrfx_twim.o
                0x00026c54                nrfx_twim_tx
 .text.nrfx_twim_rx
                0x00026c7a       0x24 Output/Release/Obj/sthealth2/nrfx_twim.o
                0x00026c7a                nrfx_twim_rx
 *fill*         0x00026c9e        0x2 
 .text.SPIM0_SPIS0_TWIM0_TWIS0_SPI0_TWI0_IRQHandler
                0x00026ca0      0x178 Output/Release/Obj/sthealth2/nrfx_twim.o
                0x00026ca0                SPIM0_SPIS0_TWIM0_TWIS0_SPI0_TWI0_IRQHandler
 .text.nrf52_errata_12
                0x00026e18       0x1c Output/Release/Obj/sthealth2/system_nrf52.o
 .text.nrf52_errata_16
                0x00026e34       0x22 Output/Release/Obj/sthealth2/system_nrf52.o
 *fill*         0x00026e56        0x2 
 .text.nvmc_wait
                0x00026e58       0x10 Output/Release/Obj/sthealth2/system_nrf52.o
                0x00026e58                nvmc_wait
 .text.SystemInit
                0x00026e68      0x278 Output/Release/Obj/sthealth2/system_nrf52.o
                0x00026e68                SystemInit
 .text.app_error_handler_bare
                0x000270e0       0x1a Output/Release/Obj/sthealth2/app_error.o
                0x000270e0                app_error_handler_bare
 *fill*         0x000270fa        0x2 
 .text.app_error_fault_handler
                0x000270fc       0x30 Output/Release/Obj/sthealth2/app_error_weak.o
                0x000270fc                app_error_fault_handler
 .text.nrf_atomic_u32_or
                0x0002712c       0x18 Output/Release/Obj/sthealth2/nrf_atomic.o
                0x0002712c                nrf_atomic_u32_or
 .text.nrf_atomic_u32_and
                0x00027144       0x18 Output/Release/Obj/sthealth2/nrf_atomic.o
                0x00027144                nrf_atomic_u32_and
 .text.nrf_section_iter_init
                0x0002715c       0x10 Output/Release/Obj/sthealth2/nrf_section_iter.o
                0x0002715c                nrf_section_iter_init
 .text.nrf_section_iter_next
                0x0002716c       0x18 Output/Release/Obj/sthealth2/nrf_section_iter.o
                0x0002716c                nrf_section_iter_next
 .text.sd_evt_get
                0x00027184        0x4 Output/Release/Obj/sthealth2/nrf_sdh_soc.o
 .text.nrf_sdh_soc_evts_poll
                0x00027188       0x40 Output/Release/Obj/sthealth2/nrf_sdh_soc.o
 .text.libc.__SEGGER_RTL_init_heap
                0x000271c8       0x18 /Applications/SEGGER/SEGGER Embedded Studio 8.18/lib/heapops_basic_v7em_fpv4_sp_d16_hard_t_le_eabi_balanced.a(heapops_basic.o)
                0x000271c8                __SEGGER_RTL_init_heap
 .text.libc.__aeabi_memclr
                0x000271e0       0x68 /Applications/SEGGER/SEGGER Embedded Studio 8.18/lib/strops_unaligned_v7em_fpv4_sp_d16_hard_t_le_eabi_balanced.a(strasmops_arm.o)
                0x000271e0                __aeabi_memclr8
                0x000271e0                __aeabi_memclr
                0x000271e0                __aeabi_memclr4
                0x000271e2                __aeabi_memset
                0x000271e2                __aeabi_memset8
                0x000271e2                __aeabi_memset4
                0x000271e8                memset
                0x00027248                        __text_end__ = (__text_start__ + SIZEOF (.text))
                0x00000e64                        __text_size__ = SIZEOF (.text)
                0x00027248                        __text_load_end__ = __text_end__

.vfp11_veneer   0x00000000        0x0
 .vfp11_veneer  0x00000000        0x0 linker stubs

.v4_bx          0x00000000        0x0
 .v4_bx         0x00000000        0x0 linker stubs

.iplt           0x00000000        0x0
 .iplt          0x00000000        0x0 Output/Release/Obj/sthealth2/ble_conn_state.o
                0x00000001                        . = ASSERT (((__text_start__ == __text_end__) || ((__text_end__ - __FLASH1_segment_start__) <= __FLASH1_segment_size__)), error: .text is too large to fit in FLASH1 memory segment)
                0x00027248                        __sdh_soc_observers_load_start__ = ALIGN (__text_end__, 0x4)

.sdh_soc_observers
                0x00027248        0x0
                0x00027248                        __sdh_soc_observers_start__ = .
                0x00027248                        __start_sdh_soc_observers = __sdh_soc_observers_start__
 *(SORT_BY_NAME(.sdh_soc_observers*))
                0x00027248                        __sdh_soc_observers_end__ = (__sdh_soc_observers_start__ + SIZEOF (.sdh_soc_observers))
                0x00000000                        __sdh_soc_observers_size__ = SIZEOF (.sdh_soc_observers)
                0x00027248                        __stop_sdh_soc_observers = __sdh_soc_observers_end__
                0x00027248                        __sdh_soc_observers_load_end__ = __sdh_soc_observers_end__
                0x00000001                        . = ASSERT (((__sdh_soc_observers_start__ == __sdh_soc_observers_end__) || ((__sdh_soc_observers_end__ - __FLASH1_segment_start__) <= __FLASH1_segment_size__)), error: .sdh_soc_observers is too large to fit in FLASH1 memory segment)
                0x00027248                        __sdh_req_observers_load_start__ = ALIGN (__sdh_soc_observers_end__, 0x4)

.sdh_req_observers
                0x00027248        0x0
                0x00027248                        __sdh_req_observers_start__ = .
                0x00027248                        __start_sdh_req_observers = __sdh_req_observers_start__
 *(SORT_BY_NAME(.sdh_req_observers*))
                0x00027248                        __sdh_req_observers_end__ = (__sdh_req_observers_start__ + SIZEOF (.sdh_req_observers))
                0x00000000                        __sdh_req_observers_size__ = SIZEOF (.sdh_req_observers)
                0x00027248                        __stop_sdh_req_observers = __sdh_req_observers_end__
                0x00027248                        __sdh_req_observers_load_end__ = __sdh_req_observers_end__
                0x00000001                        . = ASSERT (((__sdh_req_observers_start__ == __sdh_req_observers_end__) || ((__sdh_req_observers_end__ - __FLASH1_segment_start__) <= __FLASH1_segment_size__)), error: .sdh_req_observers is too large to fit in FLASH1 memory segment)
                0x00027248                        __sdh_state_observers_load_start__ = ALIGN (__sdh_req_observers_end__, 0x4)

.sdh_state_observers
                0x00027248        0x0
                0x00027248                        __sdh_state_observers_start__ = .
                0x00027248                        __start_sdh_state_observers = __sdh_state_observers_start__
 *(SORT_BY_NAME(.sdh_state_observers*))
                0x00027248                        __sdh_state_observers_end__ = (__sdh_state_observers_start__ + SIZEOF (.sdh_state_observers))
                0x00000000                        __sdh_state_observers_size__ = SIZEOF (.sdh_state_observers)
                0x00027248                        __stop_sdh_state_observers = __sdh_state_observers_end__
                0x00027248                        __sdh_state_observers_load_end__ = __sdh_state_observers_end__
                0x00000001                        . = ASSERT (((__sdh_state_observers_start__ == __sdh_state_observers_end__) || ((__sdh_state_observers_end__ - __FLASH1_segment_start__) <= __FLASH1_segment_size__)), error: .sdh_state_observers is too large to fit in FLASH1 memory segment)
                0x00027248                        __sdh_stack_observers_load_start__ = ALIGN (__sdh_state_observers_end__, 0x4)

.sdh_stack_observers
                0x00027248       0x10
                0x00027248                        __sdh_stack_observers_start__ = .
                0x00027248                        __start_sdh_stack_observers = __sdh_stack_observers_start__
 *(SORT_BY_NAME(.sdh_stack_observers*))
 .sdh_stack_observers0
                0x00027248        0x8 Output/Release/Obj/sthealth2/nrf_sdh_ble.o
 .sdh_stack_observers0
                0x00027250        0x8 Output/Release/Obj/sthealth2/nrf_sdh_soc.o
                0x00027258                        __sdh_stack_observers_end__ = (__sdh_stack_observers_start__ + SIZEOF (.sdh_stack_observers))
                0x00000010                        __sdh_stack_observers_size__ = SIZEOF (.sdh_stack_observers)
                0x00027258                        __stop_sdh_stack_observers = __sdh_stack_observers_end__
                0x00027258                        __sdh_stack_observers_load_end__ = __sdh_stack_observers_end__
                0x00000001                        . = ASSERT (((__sdh_stack_observers_start__ == __sdh_stack_observers_end__) || ((__sdh_stack_observers_end__ - __FLASH1_segment_start__) <= __FLASH1_segment_size__)), error: .sdh_stack_observers is too large to fit in FLASH1 memory segment)
                0x00027258                        __log_const_data_load_start__ = ALIGN (__sdh_stack_observers_end__, 0x4)

.log_const_data
                0x00027258        0x0
                0x00027258                        __log_const_data_start__ = .
                0x00027258                        __start_log_const_data = __log_const_data_start__
 *(SORT_BY_NAME(.log_const_data*))
                0x00027258                        __log_const_data_end__ = (__log_const_data_start__ + SIZEOF (.log_const_data))
                0x00000000                        __log_const_data_size__ = SIZEOF (.log_const_data)
                0x00027258                        __stop_log_const_data = __log_const_data_end__
                0x00027258                        __log_const_data_load_end__ = __log_const_data_end__
                0x00000001                        . = ASSERT (((__log_const_data_start__ == __log_const_data_end__) || ((__log_const_data_end__ - __FLASH1_segment_start__) <= __FLASH1_segment_size__)), error: .log_const_data is too large to fit in FLASH1 memory segment)
                0x00027258                        __log_backends_load_start__ = ALIGN (__log_const_data_end__, 0x4)

.log_backends   0x00027258        0x0
                0x00027258                        __log_backends_start__ = .
                0x00027258                        __start_log_backends = __log_backends_start__
 *(SORT_BY_NAME(.log_backends*))
                0x00027258                        __log_backends_end__ = (__log_backends_start__ + SIZEOF (.log_backends))
                0x00000000                        __log_backends_size__ = SIZEOF (.log_backends)
                0x00027258                        __stop_log_backends = __log_backends_end__
                0x00027258                        __log_backends_load_end__ = __log_backends_end__
                0x00000001                        . = ASSERT (((__log_backends_start__ == __log_backends_end__) || ((__log_backends_end__ - __FLASH1_segment_start__) <= __FLASH1_segment_size__)), error: .log_backends is too large to fit in FLASH1 memory segment)
                0x00027258                        __sdh_ble_observers_load_start__ = ALIGN (__log_backends_end__, 0x4)

.sdh_ble_observers
                0x00027258       0x18
                0x00027258                        __sdh_ble_observers_start__ = .
                0x00027258                        __start_sdh_ble_observers = __sdh_ble_observers_start__
 *(SORT_BY_NAME(.sdh_ble_observers*))
 .sdh_ble_observers1
                0x00027258        0x8 Output/Release/Obj/sthealth2/bluetooth.o
 .sdh_ble_observers2
                0x00027260        0x8 Output/Release/Obj/sthealth2/ble_conn_state.o
 .sdh_ble_observers2
                0x00027268        0x8 Output/Release/Obj/sthealth2/bluetooth.o
                0x00027270                        __sdh_ble_observers_end__ = (__sdh_ble_observers_start__ + SIZEOF (.sdh_ble_observers))
                0x00000018                        __sdh_ble_observers_size__ = SIZEOF (.sdh_ble_observers)
                0x00027270                        __stop_sdh_ble_observers = __sdh_ble_observers_end__
                0x00027270                        __sdh_ble_observers_load_end__ = __sdh_ble_observers_end__
                0x00000001                        . = ASSERT (((__sdh_ble_observers_start__ == __sdh_ble_observers_end__) || ((__sdh_ble_observers_end__ - __FLASH1_segment_start__) <= __FLASH1_segment_size__)), error: .sdh_ble_observers is too large to fit in FLASH1 memory segment)
                0x00027270                        __nrf_balloc_load_start__ = ALIGN (__sdh_ble_observers_end__, 0x4)

.nrf_balloc     0x00027270        0x0
                0x00027270                        __nrf_balloc_start__ = .
                0x00027270                        __start_nrf_balloc = __nrf_balloc_start__
 *(.nrf_balloc*)
                0x00027270                        __nrf_balloc_end__ = (__nrf_balloc_start__ + SIZEOF (.nrf_balloc))
                0x00000000                        __nrf_balloc_size__ = SIZEOF (.nrf_balloc)
                0x00027270                        __stop_nrf_balloc = __nrf_balloc_end__
                0x00027270                        __nrf_balloc_load_end__ = __nrf_balloc_end__
                0x00000001                        . = ASSERT (((__nrf_balloc_start__ == __nrf_balloc_end__) || ((__nrf_balloc_end__ - __FLASH1_segment_start__) <= __FLASH1_segment_size__)), error: .nrf_balloc is too large to fit in FLASH1 memory segment)
                0x00027270                        __nrf_sections_load_start__ = ALIGN (__nrf_balloc_end__, 0x4)

.nrf_sections   0x00027270        0x0
                0x00027270                        __nrf_sections_start__ = .
                0x00027270                        __start_nrf_sections = __nrf_sections_start__
 *(.nrf_sections .nrf_sections.*)
                0x00027270                        __nrf_sections_end__ = (__nrf_sections_start__ + SIZEOF (.nrf_sections))
                0x00000000                        __nrf_sections_size__ = SIZEOF (.nrf_sections)
                0x00027270                        __nrf_sections_load_end__ = __nrf_sections_end__
                0x00000001                        . = ASSERT (((__nrf_sections_start__ == __nrf_sections_end__) || ((__nrf_sections_end__ - __FLASH1_segment_start__) <= __FLASH1_segment_size__)), error: .nrf_sections is too large to fit in FLASH1 memory segment)
                0x00027270                        __log_dynamic_data_load_start__ = ALIGN (__nrf_sections_end__, 0x4)

.log_dynamic_data
                0x20005968        0x0 load address 0x00027270
                0x20005968                        __log_dynamic_data_start__ = .
 *(SORT_BY_NAME(.log_dynamic_data*))
                0x20005968                        __log_dynamic_data_end__ = (__log_dynamic_data_start__ + SIZEOF (.log_dynamic_data))
                0x00000000                        __log_dynamic_data_size__ = SIZEOF (.log_dynamic_data)
                0x00027270                        __log_dynamic_data_load_end__ = (__log_dynamic_data_load_start__ + SIZEOF (.log_dynamic_data))
                0x00000001                        . = ASSERT (((__log_dynamic_data_load_start__ == __log_dynamic_data_load_end__) || ((__log_dynamic_data_load_end__ - __FLASH1_segment_start__) <= __FLASH1_segment_size__)), error: .log_dynamic_data is too large to fit in FLASH1 memory segment)

.log_dynamic_data_run
                0x20005968        0x0
                0x20005968                        __log_dynamic_data_run_start__ = .
                0x20005968                        __start_log_dynamic_data = __log_dynamic_data_run_start__
                0x20005968                        __log_dynamic_data_run_end__ = (__log_dynamic_data_run_start__ + SIZEOF (.log_dynamic_data))
                0x00000000                        __log_dynamic_data_run_size__ = (__log_dynamic_data_run_end__ - __log_dynamic_data_run_start__)
                0x20005968                        __stop_log_dynamic_data = __log_dynamic_data_run_end__
                0x20005968                        __log_dynamic_data_run_load_end__ = __log_dynamic_data_run_end__
                0x00000001                        . = ASSERT (((__log_dynamic_data_run_start__ == __log_dynamic_data_run_end__) || ((__log_dynamic_data_run_end__ - __RAM1_segment_start__) <= __RAM1_segment_size__)), error: .log_dynamic_data_run is too large to fit in RAM1 memory segment)
                0x00027270                        __log_filter_data_load_start__ = ALIGN ((__log_dynamic_data_load_start__ + SIZEOF (.log_dynamic_data)), 0x4)

.log_filter_data
                0x20005968        0x0 load address 0x00027270
                0x20005968                        __log_filter_data_start__ = .
 *(SORT_BY_NAME(.log_filter_data*))
                0x20005968                        __log_filter_data_end__ = (__log_filter_data_start__ + SIZEOF (.log_filter_data))
                0x00000000                        __log_filter_data_size__ = SIZEOF (.log_filter_data)
                0x00027270                        __log_filter_data_load_end__ = (__log_filter_data_load_start__ + SIZEOF (.log_filter_data))
                0x00000001                        . = ASSERT (((__log_filter_data_load_start__ == __log_filter_data_load_end__) || ((__log_filter_data_load_end__ - __FLASH1_segment_start__) <= __FLASH1_segment_size__)), error: .log_filter_data is too large to fit in FLASH1 memory segment)

.log_filter_data_run
                0x20005968        0x0
                0x20005968                        __log_filter_data_run_start__ = .
                0x20005968                        __start_log_filter_data = __log_filter_data_run_start__
                0x20005968                        __log_filter_data_run_end__ = (__log_filter_data_run_start__ + SIZEOF (.log_filter_data))
                0x00000000                        __log_filter_data_run_size__ = (__log_filter_data_run_end__ - __log_filter_data_run_start__)
                0x20005968                        __stop_log_filter_data = __log_filter_data_run_end__
                0x20005968                        __log_filter_data_run_load_end__ = __log_filter_data_run_end__
                0x00000001                        . = ASSERT (((__log_filter_data_run_start__ == __log_filter_data_run_end__) || ((__log_filter_data_run_end__ - __RAM1_segment_start__) <= __RAM1_segment_size__)), error: .log_filter_data_run is too large to fit in RAM1 memory segment)
                0x20005968                        __nrf_sections_run_end_load_start__ = ALIGN (__log_filter_data_run_end__, 0x4)

.nrf_sections_run_end
                0x20005968        0x0
                0x20005968                        __nrf_sections_run_end_start__ = .
                0x20005968                        __end_nrf_sections_run = __nrf_sections_run_end_start__
 *(.nrf_sections_run_end .nrf_sections_run_end.*)
                0x20005968                        __nrf_sections_run_end_end__ = (__nrf_sections_run_end_start__ + SIZEOF (.nrf_sections_run_end))
                0x00000000                        __nrf_sections_run_end_size__ = SIZEOF (.nrf_sections_run_end)
                0x20005968                        __nrf_sections_run_end_load_end__ = __nrf_sections_run_end_end__
                0x00000001                        . = ASSERT (((__nrf_sections_run_end_start__ == __nrf_sections_run_end_end__) || ((__nrf_sections_run_end_end__ - __RAM1_segment_start__) <= __RAM1_segment_size__)), error: .nrf_sections_run_end is too large to fit in RAM1 memory segment)
                0x00027270                        __dtors_load_start__ = ALIGN ((__log_filter_data_load_start__ + SIZEOF (.log_filter_data)), 0x4)

.dtors          0x00027270        0x0
                0x00027270                        __dtors_start__ = .
 *(SORT_BY_NAME(.dtors.*))
 *(.dtors)
 *(.fini_array)
 *(SORT_BY_NAME(.fini_array.*))
                0x00027270                        __dtors_end__ = (__dtors_start__ + SIZEOF (.dtors))
                0x00000000                        __dtors_size__ = SIZEOF (.dtors)
                0x00027270                        __dtors_load_end__ = __dtors_end__
                0x00000001                        . = ASSERT (((__dtors_start__ == __dtors_end__) || ((__dtors_end__ - __FLASH1_segment_start__) <= __FLASH1_segment_size__)), error: .dtors is too large to fit in FLASH1 memory segment)
                0x00027270                        __ctors_load_start__ = ALIGN (__dtors_end__, 0x4)

.ctors          0x00027270        0x0
                0x00027270                        __ctors_start__ = .
 *(SORT_BY_NAME(.ctors.*))
 *(.ctors)
 *(.init_array)
 *(SORT_BY_NAME(.init_array.*))
                0x00027270                        __ctors_end__ = (__ctors_start__ + SIZEOF (.ctors))
                0x00000000                        __ctors_size__ = SIZEOF (.ctors)
                0x00027270                        __ctors_load_end__ = __ctors_end__
                0x00000001                        . = ASSERT (((__ctors_start__ == __ctors_end__) || ((__ctors_end__ - __FLASH1_segment_start__) <= __FLASH1_segment_size__)), error: .ctors is too large to fit in FLASH1 memory segment)
                0x00027270                        __rodata_load_start__ = ALIGN (__ctors_end__, 0x4)

.rodata         0x00027270       0x34
                0x00027270                        __rodata_start__ = .
 *(.rodata .rodata.* .gnu.linkonce.r.* .data.rel.ro .data.rel.ro.*)
 .rodata        0x00027270       0x10 Output/Release/Obj/sthealth2/main.o
 .rodata.sdh_stack_observers
                0x00027280        0xc Output/Release/Obj/sthealth2/nrf_sdh.o
 .rodata.sdh_ble_observers
                0x0002728c        0xc Output/Release/Obj/sthealth2/nrf_sdh_ble.o
 .rodata.sdh_soc_observers
                0x00027298        0xc Output/Release/Obj/sthealth2/nrf_sdh_soc.o
                0x000272a4                        __rodata_end__ = (__rodata_start__ + SIZEOF (.rodata))
                0x00000034                        __rodata_size__ = SIZEOF (.rodata)
                0x000272a4                        __rodata_load_end__ = __rodata_end__

.rel.dyn        0x000272a4        0x0
 .rel.iplt      0x000272a4        0x0 Output/Release/Obj/sthealth2/ble_conn_state.o
                0x00000001                        . = ASSERT (((__rodata_start__ == __rodata_end__) || ((__rodata_end__ - __FLASH1_segment_start__) <= __FLASH1_segment_size__)), error: .rodata is too large to fit in FLASH1 memory segment)
                0x000272a4                        __ARM.exidx_load_start__ = ALIGN (__rodata_end__, 0x4)

.ARM.exidx      0x000272a4        0x0
                0x000272a4                        __ARM.exidx_start__ = .
                0x000272a4                        __exidx_start = __ARM.exidx_start__
 *(.ARM.exidx .ARM.exidx.*)
                0x000272a4                        __ARM.exidx_end__ = (__ARM.exidx_start__ + SIZEOF (.ARM.exidx))
                0x00000000                        __ARM.exidx_size__ = SIZEOF (.ARM.exidx)
                0x000272a4                        __exidx_end = __ARM.exidx_end__
                0x000272a4                        __ARM.exidx_load_end__ = __ARM.exidx_end__
                0x00000001                        . = ASSERT (((__ARM.exidx_start__ == __ARM.exidx_end__) || ((__ARM.exidx_end__ - __FLASH1_segment_start__) <= __FLASH1_segment_size__)), error: .ARM.exidx is too large to fit in FLASH1 memory segment)
                0x000272a4                        __fast_load_start__ = ALIGN (__ARM.exidx_end__, 0x4)

.fast           0x20005968        0x0 load address 0x000272a4
                0x20005968                        __fast_start__ = .
 *(.fast .fast.*)
                0x20005968                        __fast_end__ = (__fast_start__ + SIZEOF (.fast))
                0x00000000                        __fast_size__ = SIZEOF (.fast)
                0x000272a4                        __fast_load_end__ = (__fast_load_start__ + SIZEOF (.fast))
                0x00000001                        . = ASSERT (((__fast_load_start__ == __fast_load_end__) || ((__fast_load_end__ - __FLASH1_segment_start__) <= __FLASH1_segment_size__)), error: .fast is too large to fit in FLASH1 memory segment)

.fast_run       0x20005968        0x0
                0x20005968                        __fast_run_start__ = .
                0x20005968                        __fast_run_end__ = (__fast_run_start__ + SIZEOF (.fast))
                0x00000000                        __fast_run_size__ = (__fast_run_end__ - __fast_run_start__)
                0x20005968                        __fast_run_load_end__ = __fast_run_end__
                0x00000001                        . = ASSERT (((__fast_run_start__ == __fast_run_end__) || ((__fast_run_end__ - __RAM1_segment_start__) <= __RAM1_segment_size__)), error: .fast_run is too large to fit in RAM1 memory segment)
                0x000272a4                        __data_load_start__ = ALIGN ((__fast_load_start__ + SIZEOF (.fast)), 0x4)

.data           0x20005968       0x30 load address 0x000272a4
                0x20005968                        __data_start__ = .
 *(.data .data.* .gnu.linkonce.d.*)
 .data.m_nus    0x20005968       0x1c Output/Release/Obj/sthealth2/bluetooth.o
 .data.m_nus_link_ctx_storage
                0x20005984        0x8 Output/Release/Obj/sthealth2/bluetooth.o
 .data.m_twim   0x2000598c        0x8 Output/Release/Obj/sthealth2/main.o
 .data.SystemCoreClock
                0x20005994        0x4 Output/Release/Obj/sthealth2/system_nrf52.o
                0x20005994                SystemCoreClock
                0x20005998                        __data_end__ = (__data_start__ + SIZEOF (.data))
                0x00000030                        __data_size__ = SIZEOF (.data)
                0x000272d4                        __data_load_end__ = (__data_load_start__ + SIZEOF (.data))

.igot.plt       0x00000000        0x0
 .igot.plt      0x00000000        0x0 Output/Release/Obj/sthealth2/ble_conn_state.o
                0x00000001                        . = ASSERT (((__data_load_start__ == __data_load_end__) || ((__data_load_end__ - __FLASH1_segment_start__) <= __FLASH1_segment_size__)), error: .data is too large to fit in FLASH1 memory segment)

.data_run       0x20005968        0x0
                0x20005968                        __data_run_start__ = .
                0x20005998                        __data_run_end__ = (__data_run_start__ + SIZEOF (.data))
                0x00000030                        __data_run_size__ = (__data_run_end__ - __data_run_start__)
                0x20005998                        __data_run_load_end__ = __data_run_end__
                0x00000001                        . = ASSERT (((__data_run_start__ == __data_run_end__) || ((__data_run_end__ - __RAM1_segment_start__) <= __RAM1_segment_size__)), error: .data_run is too large to fit in RAM1 memory segment)
                0x000272d4                        __tdata_load_start__ = ALIGN ((__data_load_start__ + SIZEOF (.data)), 0x4)

.tdata          0x20005998        0x0 load address 0x000272d4
                0x20005998                        __tdata_start__ = .
 *(.tdata .tdata.*)
                0x20005998                        __tdata_end__ = (__tdata_start__ + SIZEOF (.tdata))
                0x00000000                        __tdata_size__ = SIZEOF (.tdata)
                0x000272d4                        __tdata_load_end__ = (__tdata_load_start__ + SIZEOF (.tdata))
                0x000272d4                        __FLASH1_segment_used_end__ = (ALIGN ((__data_load_start__ + SIZEOF (.data)), 0x4) + SIZEOF (.tdata))
                0x000272d4                        __FLASH1_segment_used_size__ = (__FLASH1_segment_used_end__ - __FLASH1_segment_start__)
                0x00000001                        . = ASSERT (((__tdata_load_start__ == __tdata_load_end__) || ((__tdata_load_end__ - __FLASH1_segment_start__) <= __FLASH1_segment_size__)), error: .tdata is too large to fit in FLASH1 memory segment)

.tdata_run      0x20005998        0x0
                0x20005998                        __tdata_run_start__ = .
                0x20005998                        __tdata_run_end__ = (__tdata_run_start__ + SIZEOF (.tdata))
                0x00000000                        __tdata_run_size__ = (__tdata_run_end__ - __tdata_run_start__)
                0x20005998                        __tdata_run_load_end__ = __tdata_run_end__
                0x00000001                        . = ASSERT (((__tdata_run_start__ == __tdata_run_end__) || ((__tdata_run_end__ - __RAM1_segment_start__) <= __RAM1_segment_size__)), error: .tdata_run is too large to fit in RAM1 memory segment)
                0x20005998                        __bss_load_start__ = ALIGN (__tdata_run_end__, 0x4)

.bss            0x20005998      0x4f0
                0x20005998                        __bss_start__ = .
 *(.bss .bss.* .gnu.linkonce.b.*)
 .bss.m_bcs     0x20005998       0x7c Output/Release/Obj/sthealth2/ble_conn_state.o
 .bss.m_advertising
                0x20005a14      0x434 Output/Release/Obj/sthealth2/bluetooth.o
 .bss.m_nus_link_ctx_storage_ctx_data_pool
                0x20005e48        0x4 Output/Release/Obj/sthealth2/bluetooth.o
 .bss.m_stack_is_enabled
                0x20005e4c        0x1 Output/Release/Obj/sthealth2/nrf_sdh_ble.o
 *fill*         0x20005e4d        0x3 
 .bss.m_cb      0x20005e50       0x34 Output/Release/Obj/sthealth2/nrfx_twim.o
 .bss.libc.__SEGGER_RTL_heap_globals.0
                0x20005e84        0x4 /Applications/SEGGER/SEGGER Embedded Studio 8.18/lib/heapops_basic_v7em_fpv4_sp_d16_hard_t_le_eabi_balanced.a(heapops_basic.o)
 *(COMMON)
                0x20005e88                        __bss_end__ = (__bss_start__ + SIZEOF (.bss))
                0x000004f0                        __bss_size__ = SIZEOF (.bss)
                0x20005e88                        __bss_load_end__ = __bss_end__
                0x00000001                        . = ASSERT (((__bss_start__ == __bss_end__) || ((__bss_end__ - __RAM1_segment_start__) <= __RAM1_segment_size__)), error: .bss is too large to fit in RAM1 memory segment)
                0x20005e88                        __tbss_load_start__ = ALIGN (__bss_end__, 0x4)

.tbss           0x20005e88        0x0
                0x20005e88                        __tbss_start__ = .
 *(.tbss .tbss.*)
                0x20005e88                        __tbss_end__ = (__tbss_start__ + SIZEOF (.tbss))
                0x00000000                        __tbss_size__ = SIZEOF (.tbss)
                0x20005e88                        __tbss_load_end__ = __tbss_end__
                0x00000001                        . = ASSERT (((__tbss_start__ == __tbss_end__) || ((__tbss_end__ - __RAM1_segment_start__) <= __RAM1_segment_size__)), error: .tbss is too large to fit in RAM1 memory segment)
                0x20005e88                        __non_init_load_start__ = ALIGN (__tbss_end__, 0x4)

.non_init       0x20005e88        0x0
                0x20005e88                        __non_init_start__ = .
 *(.non_init .non_init.*)
                0x20005e88                        __non_init_end__ = (__non_init_start__ + SIZEOF (.non_init))
                0x00000000                        __non_init_size__ = SIZEOF (.non_init)
                0x20005e88                        __non_init_load_end__ = __non_init_end__
                0x00000001                        . = ASSERT (((__non_init_start__ == __non_init_end__) || ((__non_init_end__ - __RAM1_segment_start__) <= __RAM1_segment_size__)), error: .non_init is too large to fit in RAM1 memory segment)
                0x20005e88                        __heap_load_start__ = ALIGN (__non_init_end__, 0x4)

.heap           0x20005e88     0x2000
                0x20005e88                        __heap_start__ = .
 *(.heap .heap.*)
                0x20007e88                        . = ALIGN (MAX ((__heap_start__ + __HEAPSIZE__), .), 0x4)
 *fill*         0x20005e88     0x2000 
                0x20007e88                        __heap_end__ = (__heap_start__ + SIZEOF (.heap))
                0x00002000                        __heap_size__ = SIZEOF (.heap)
                0x20007e88                        __heap_load_end__ = __heap_end__
                0x00000001                        . = ASSERT (((__heap_start__ == __heap_end__) || ((__heap_end__ - __RAM1_segment_start__) <= __RAM1_segment_size__)), error: .heap is too large to fit in RAM1 memory segment)
                0x00000001                        . = ASSERT ((__HEAPSIZE__ == ALIGN (__HEAPSIZE__, 0x4)), error: .heap section size does not match alignment)
                0x00000001                        . = ASSERT ((__heap_size__ <= __HEAPSIZE__), error: .heap section is larger than specified size)
                0x2000e000                        __stack_load_start__ = (__RAM1_segment_start__ + (__RAM1_segment_size__ - 0x2000))

.stack          0x2000e000     0x2000
                0x2000e000                        __stack_start__ = .
                0x2000e000                        __StackLimit = __stack_start__
 *(.stack .stack.*)
                0x20010000                        . = ALIGN (MAX ((__stack_start__ + __STACKSIZE__), .), 0x8)
 *fill*         0x2000e000     0x2000 
                0x20010000                        __stack_end__ = (__stack_start__ + SIZEOF (.stack))
                0x00002000                        __stack_size__ = SIZEOF (.stack)
                0x20010000                        __StackTop = __stack_end__
                0x20010000                        __stack_load_end__ = __stack_end__
                0x00000001                        . = ASSERT (((__stack_start__ == __stack_end__) || ((__stack_end__ - __RAM1_segment_start__) <= __RAM1_segment_size__)), error: .stack is too large to fit in RAM1 memory segment)
                0x00000001                        . = ASSERT ((__heap_end__ <= __stack_start__), error: section .heap overlaps absolute placed section .stack)
                0x00000001                        . = ASSERT ((__STACKSIZE__ == ALIGN (__STACKSIZE__, 0x8)), error: .stack section size does not match alignment)
                0x00000001                        . = ASSERT ((__stack_size__ <= __STACKSIZE__), error: .stack section is larger than specified size)
                0x20010000                        __stack_process_load_start__ = ALIGN (__stack_end__, 0x8)

.stack_process  0x20010000        0x0
                0x20010000                        __stack_process_start__ = .
 *(.stack_process .stack_process.*)
                0x20010000                        . = ALIGN (MAX ((__stack_process_start__ + __STACKSIZE_PROCESS__), .), 0x8)
                0x20010000                        __stack_process_end__ = (__stack_process_start__ + SIZEOF (.stack_process))
                0x00000000                        __stack_process_size__ = SIZEOF (.stack_process)
                0x20010000                        __stack_process_load_end__ = __stack_process_end__
                0x20010000                        __RAM1_segment_used_end__ = (ALIGN (__stack_end__, 0x8) + SIZEOF (.stack_process))
                0x00010000                        __RAM1_segment_used_size__ = (__RAM1_segment_used_end__ - __RAM1_segment_start__)
                0x00000001                        . = ASSERT (((__stack_process_start__ == __stack_process_end__) || ((__stack_process_end__ - __RAM1_segment_start__) <= __RAM1_segment_size__)), error: .stack_process is too large to fit in RAM1 memory segment)
                0x00000001                        . = ASSERT ((__STACKSIZE_PROCESS__ == ALIGN (__STACKSIZE_PROCESS__, 0x8)), error: .stack_process section size does not match alignment)
                0x00000001                        . = ASSERT ((__stack_process_size__ <= __STACKSIZE_PROCESS__), error: .stack_process section is larger than specified size)
                0x00002000                        __STACKSIZE__ = 0x2000
                0x00000000                        __STACKSIZE_PROCESS__ = 0x0
                0x00002000                        __HEAPSIZE__ = 0x2000
                0x00000000                        __SEGGER_RTL_vfprintf = __SEGGER_RTL_vfprintf_long
                0x00000000                        __SEGGER_RTL_vfscanf = __SEGGER_RTL_vfscanf_long
START GROUP
LOAD Output/Release/Obj/sthealth2/ble_advdata.o
LOAD Output/Release/Obj/sthealth2/ble_advertising.o
LOAD Output/Release/Obj/sthealth2/ble_conn_state.o
LOAD Output/Release/Obj/sthealth2/ble_link_ctx_manager.o
LOAD Output/Release/Obj/sthealth2/ble_nus.o
LOAD Output/Release/Obj/sthealth2/ble_srv_common.o
LOAD Output/Release/Obj/sthealth2/bluetooth.o
LOAD Output/Release/Obj/sthealth2/main.o
LOAD Output/Release/Obj/sthealth2/max30101.o
LOAD Output/Release/Obj/sthealth2/nrf_atflags.o
LOAD Output/Release/Obj/sthealth2/nrf_sdh.o
LOAD Output/Release/Obj/sthealth2/nrf_sdh_ble.o
LOAD Output/Release/Obj/sthealth2/nrfx_twim.o
LOAD Output/Release/Obj/sthealth2/peer_manager.o
LOAD Output/Release/Obj/sthealth2/boards.o
LOAD Output/Release/Obj/sthealth2/ses_startup_nrf52.o
LOAD Output/Release/Obj/sthealth2/ses_startup_nrf_common.o
LOAD Output/Release/Obj/sthealth2/system_nrf52.o
LOAD Output/Release/Obj/sthealth2/nrfx_atomic.o
LOAD Output/Release/Obj/sthealth2/app_error.o
LOAD Output/Release/Obj/sthealth2/app_error_handler_gcc.o
LOAD Output/Release/Obj/sthealth2/app_error_weak.o
LOAD Output/Release/Obj/sthealth2/app_util_platform.o
LOAD Output/Release/Obj/sthealth2/nrf_assert.o
LOAD Output/Release/Obj/sthealth2/nrf_atomic.o
LOAD Output/Release/Obj/sthealth2/nrf_balloc.o
LOAD Output/Release/Obj/sthealth2/nrf_fprintf.o
LOAD Output/Release/Obj/sthealth2/nrf_fprintf_format.o
LOAD Output/Release/Obj/sthealth2/nrf_memobj.o
LOAD Output/Release/Obj/sthealth2/nrf_ringbuf.o
LOAD Output/Release/Obj/sthealth2/nrf_section_iter.o
LOAD Output/Release/Obj/sthealth2/nrf_strerror.o
LOAD Output/Release/Obj/sthealth2/nrf_log_frontend.o
LOAD Output/Release/Obj/sthealth2/nrf_log_str_formatter.o
LOAD Output/Release/Obj/sthealth2/nrf_sdh_soc.o
LOAD Output/Release/Obj/sthealth2/thumb_crt0.o
LOAD /Applications/SEGGER/SEGGER Embedded Studio 8.18/lib/libc_v7em_fpv4_sp_d16_hard_t_le_eabi_balanced.a
LOAD /Applications/SEGGER/SEGGER Embedded Studio 8.18/lib/heapops_basic_v7em_fpv4_sp_d16_hard_t_le_eabi_balanced.a
LOAD /Applications/SEGGER/SEGGER Embedded Studio 8.18/lib/heapops_disable_interrupts_locking_v7em_fpv4_sp_d16_hard_t_le_eabi_balanced.a
LOAD /Applications/SEGGER/SEGGER Embedded Studio 8.18/lib/strops_unaligned_v7em_fpv4_sp_d16_hard_t_le_eabi_balanced.a
LOAD /Applications/SEGGER/SEGGER Embedded Studio 8.18/lib/mbops_timeops_v7em_fpv4_sp_d16_hard_t_le_eabi_balanced.a
END GROUP
OUTPUT(/Users/king/Documents/Documents - Mac/NRF Programming/DeviceDownload/nRF5_SDK_17.1.0_ddde560/examples/My Projects/stealth2/pca10040/s132/ses/Output/Release/Exe/sthealth2.elf elf32-littlearm)
LOAD linker stubs

.debug_info     0x00000000    0x13bc5
 .debug_info    0x00000000     0x2b0d Output/Release/Obj/sthealth2/ble_conn_state.o
 .debug_info    0x00002b0d      0x1a5 Output/Release/Obj/sthealth2/ble_link_ctx_manager.o
 .debug_info    0x00002cb2     0x28ac Output/Release/Obj/sthealth2/ble_nus.o
 .debug_info    0x0000555e      0xcc0 Output/Release/Obj/sthealth2/ble_srv_common.o
 .debug_info    0x0000621e     0x2acf Output/Release/Obj/sthealth2/bluetooth.o
 .debug_info    0x00008ced      0x970 Output/Release/Obj/sthealth2/main.o
 .debug_info    0x0000965d      0x979 Output/Release/Obj/sthealth2/max30101.o
 .debug_info    0x00009fd6      0x6fc Output/Release/Obj/sthealth2/nrf_atflags.o
 .debug_info    0x0000a6d2     0x1225 Output/Release/Obj/sthealth2/nrf_sdh.o
 .debug_info    0x0000b8f7     0x2564 Output/Release/Obj/sthealth2/nrf_sdh_ble.o
 .debug_info    0x0000de5b     0x3121 Output/Release/Obj/sthealth2/nrfx_twim.o
 .debug_info    0x00010f7c       0x23 Output/Release/Obj/sthealth2/ses_startup_nrf52.o
 .debug_info    0x00010f9f       0x23 Output/Release/Obj/sthealth2/ses_startup_nrf_common.o
 .debug_info    0x00010fc2     0x154f Output/Release/Obj/sthealth2/system_nrf52.o
 .debug_info    0x00012511      0x2bd Output/Release/Obj/sthealth2/app_error.o
 .debug_info    0x000127ce      0x3a1 Output/Release/Obj/sthealth2/app_error_weak.o
 .debug_info    0x00012b6f      0x953 Output/Release/Obj/sthealth2/nrf_atomic.o
 .debug_info    0x000134c2      0x19b Output/Release/Obj/sthealth2/nrf_section_iter.o
 .debug_info    0x0001365d      0x546 Output/Release/Obj/sthealth2/nrf_sdh_soc.o
 .debug_info    0x00013ba3       0x22 Output/Release/Obj/sthealth2/thumb_crt0.o

.debug_abbrev   0x00000000     0x2f0b
 .debug_abbrev  0x00000000      0x4ec Output/Release/Obj/sthealth2/ble_conn_state.o
 .debug_abbrev  0x000004ec       0xf4 Output/Release/Obj/sthealth2/ble_link_ctx_manager.o
 .debug_abbrev  0x000005e0      0x408 Output/Release/Obj/sthealth2/ble_nus.o
 .debug_abbrev  0x000009e8      0x297 Output/Release/Obj/sthealth2/ble_srv_common.o
 .debug_abbrev  0x00000c7f      0x3ab Output/Release/Obj/sthealth2/bluetooth.o
 .debug_abbrev  0x0000102a      0x26e Output/Release/Obj/sthealth2/main.o
 .debug_abbrev  0x00001298      0x222 Output/Release/Obj/sthealth2/max30101.o
 .debug_abbrev  0x000014ba      0x1f9 Output/Release/Obj/sthealth2/nrf_atflags.o
 .debug_abbrev  0x000016b3      0x512 Output/Release/Obj/sthealth2/nrf_sdh.o
 .debug_abbrev  0x00001bc5      0x410 Output/Release/Obj/sthealth2/nrf_sdh_ble.o
 .debug_abbrev  0x00001fd5      0x48f Output/Release/Obj/sthealth2/nrfx_twim.o
 .debug_abbrev  0x00002464       0x14 Output/Release/Obj/sthealth2/ses_startup_nrf52.o
 .debug_abbrev  0x00002478       0x14 Output/Release/Obj/sthealth2/ses_startup_nrf_common.o
 .debug_abbrev  0x0000248c      0x32b Output/Release/Obj/sthealth2/system_nrf52.o
 .debug_abbrev  0x000027b7      0x156 Output/Release/Obj/sthealth2/app_error.o
 .debug_abbrev  0x0000290d      0x179 Output/Release/Obj/sthealth2/app_error_weak.o
 .debug_abbrev  0x00002a86      0x1a8 Output/Release/Obj/sthealth2/nrf_atomic.o
 .debug_abbrev  0x00002c2e       0xcc Output/Release/Obj/sthealth2/nrf_section_iter.o
 .debug_abbrev  0x00002cfa      0x1ff Output/Release/Obj/sthealth2/nrf_sdh_soc.o
 .debug_abbrev  0x00002ef9       0x12 Output/Release/Obj/sthealth2/thumb_crt0.o

.debug_loc      0x00000000     0x471f
 .debug_loc     0x00000000      0xac5 Output/Release/Obj/sthealth2/ble_conn_state.o
 .debug_loc     0x00000ac5      0x118 Output/Release/Obj/sthealth2/ble_link_ctx_manager.o
 .debug_loc     0x00000bdd      0x55c Output/Release/Obj/sthealth2/ble_nus.o
 .debug_loc     0x00001139      0x2ee Output/Release/Obj/sthealth2/ble_srv_common.o
 .debug_loc     0x00001427      0x17e Output/Release/Obj/sthealth2/bluetooth.o
 .debug_loc     0x000015a5       0x2a Output/Release/Obj/sthealth2/main.o
 .debug_loc     0x000015cf      0x23f Output/Release/Obj/sthealth2/max30101.o
 .debug_loc     0x0000180e      0x4de Output/Release/Obj/sthealth2/nrf_atflags.o
 .debug_loc     0x00001cec      0x30a Output/Release/Obj/sthealth2/nrf_sdh.o
 .debug_loc     0x00001ff6      0x2ad Output/Release/Obj/sthealth2/nrf_sdh_ble.o
 .debug_loc     0x000022a3     0x1cd1 Output/Release/Obj/sthealth2/nrfx_twim.o
 .debug_loc     0x00003f74      0x12c Output/Release/Obj/sthealth2/system_nrf52.o
 .debug_loc     0x000040a0       0xe5 Output/Release/Obj/sthealth2/app_error.o
 .debug_loc     0x00004185       0x56 Output/Release/Obj/sthealth2/app_error_weak.o
 .debug_loc     0x000041db      0x47d Output/Release/Obj/sthealth2/nrf_atomic.o
 .debug_loc     0x00004658       0xc7 Output/Release/Obj/sthealth2/nrf_sdh_soc.o

.debug_pubnames
                0x00000000     0x4b6a
 .debug_pubnames
                0x00000000      0xa79 Output/Release/Obj/sthealth2/ble_conn_state.o
 .debug_pubnames
                0x00000a79       0x44 Output/Release/Obj/sthealth2/ble_link_ctx_manager.o
 .debug_pubnames
                0x00000abd      0x932 Output/Release/Obj/sthealth2/ble_nus.o
 .debug_pubnames
                0x000013ef      0x369 Output/Release/Obj/sthealth2/ble_srv_common.o
 .debug_pubnames
                0x00001758      0x910 Output/Release/Obj/sthealth2/bluetooth.o
 .debug_pubnames
                0x00002068      0x1ff Output/Release/Obj/sthealth2/main.o
 .debug_pubnames
                0x00002267      0x173 Output/Release/Obj/sthealth2/max30101.o
 .debug_pubnames
                0x000023da      0x15c Output/Release/Obj/sthealth2/nrf_atflags.o
 .debug_pubnames
                0x00002536      0x974 Output/Release/Obj/sthealth2/nrf_sdh.o
 .debug_pubnames
                0x00002eaa      0x478 Output/Release/Obj/sthealth2/nrf_sdh_ble.o
 .debug_pubnames
                0x00003322      0xc9e Output/Release/Obj/sthealth2/nrfx_twim.o
 .debug_pubnames
                0x00003fc0      0x1a7 Output/Release/Obj/sthealth2/system_nrf52.o
 .debug_pubnames
                0x00004167       0x88 Output/Release/Obj/sthealth2/app_error.o
 .debug_pubnames
                0x000041ef      0x106 Output/Release/Obj/sthealth2/app_error_weak.o
 .debug_pubnames
                0x000042f5      0x233 Output/Release/Obj/sthealth2/nrf_atomic.o
 .debug_pubnames
                0x00004528       0x46 Output/Release/Obj/sthealth2/nrf_section_iter.o
 .debug_pubnames
                0x0000456e      0x5fc Output/Release/Obj/sthealth2/nrf_sdh_soc.o

.debug_pubtypes
                0x00000000     0x4cef
 .debug_pubtypes
                0x00000000      0xc72 Output/Release/Obj/sthealth2/ble_conn_state.o
 .debug_pubtypes
                0x00000c72      0x127 Output/Release/Obj/sthealth2/ble_link_ctx_manager.o
 .debug_pubtypes
                0x00000d99      0xd1a Output/Release/Obj/sthealth2/ble_nus.o
 .debug_pubtypes
                0x00001ab3      0x2b0 Output/Release/Obj/sthealth2/ble_srv_common.o
 .debug_pubtypes
                0x00001d63      0xe50 Output/Release/Obj/sthealth2/bluetooth.o
 .debug_pubtypes
                0x00002bb3      0x228 Output/Release/Obj/sthealth2/main.o
 .debug_pubtypes
                0x00002ddb      0x17b Output/Release/Obj/sthealth2/max30101.o
 .debug_pubtypes
                0x00002f56      0x120 Output/Release/Obj/sthealth2/nrf_atflags.o
 .debug_pubtypes
                0x00003076      0x2c9 Output/Release/Obj/sthealth2/nrf_sdh.o
 .debug_pubtypes
                0x0000333f      0xe05 Output/Release/Obj/sthealth2/nrf_sdh_ble.o
 .debug_pubtypes
                0x00004144      0x34d Output/Release/Obj/sthealth2/nrfx_twim.o
 .debug_pubtypes
                0x00004491      0x1ea Output/Release/Obj/sthealth2/system_nrf52.o
 .debug_pubtypes
                0x0000467b      0x120 Output/Release/Obj/sthealth2/app_error.o
 .debug_pubtypes
                0x0000479b      0x119 Output/Release/Obj/sthealth2/app_error_weak.o
 .debug_pubtypes
                0x000048b4      0x118 Output/Release/Obj/sthealth2/nrf_atomic.o
 .debug_pubtypes
                0x000049cc      0x139 Output/Release/Obj/sthealth2/nrf_section_iter.o
 .debug_pubtypes
                0x00004b05      0x1ea Output/Release/Obj/sthealth2/nrf_sdh_soc.o

.debug_aranges  0x00000000      0x628
 .debug_aranges
                0x00000000       0xe0 Output/Release/Obj/sthealth2/ble_conn_state.o
 .debug_aranges
                0x000000e0       0x20 Output/Release/Obj/sthealth2/ble_link_ctx_manager.o
 .debug_aranges
                0x00000100       0x50 Output/Release/Obj/sthealth2/ble_nus.o
 .debug_aranges
                0x00000150       0x60 Output/Release/Obj/sthealth2/ble_srv_common.o
 .debug_aranges
                0x000001b0       0x38 Output/Release/Obj/sthealth2/bluetooth.o
 .debug_aranges
                0x000001e8       0x20 Output/Release/Obj/sthealth2/main.o
 .debug_aranges
                0x00000208       0x40 Output/Release/Obj/sthealth2/max30101.o
 .debug_aranges
                0x00000248       0x58 Output/Release/Obj/sthealth2/nrf_atflags.o
 .debug_aranges
                0x000002a0       0x90 Output/Release/Obj/sthealth2/nrf_sdh.o
 .debug_aranges
                0x00000330       0x50 Output/Release/Obj/sthealth2/nrf_sdh_ble.o
 .debug_aranges
                0x00000380       0x80 Output/Release/Obj/sthealth2/nrfx_twim.o
 .debug_aranges
                0x00000400       0x20 Output/Release/Obj/sthealth2/ses_startup_nrf52.o
 .debug_aranges
                0x00000420       0x20 Output/Release/Obj/sthealth2/ses_startup_nrf_common.o
 .debug_aranges
                0x00000440       0x48 Output/Release/Obj/sthealth2/system_nrf52.o
 .debug_aranges
                0x00000488       0x28 Output/Release/Obj/sthealth2/app_error.o
 .debug_aranges
                0x000004b0       0x20 Output/Release/Obj/sthealth2/app_error_weak.o
 .debug_aranges
                0x000004d0       0xb0 Output/Release/Obj/sthealth2/nrf_atomic.o
 .debug_aranges
                0x00000580       0x28 Output/Release/Obj/sthealth2/nrf_section_iter.o
 .debug_aranges
                0x000005a8       0x28 Output/Release/Obj/sthealth2/nrf_sdh_soc.o
 .debug_aranges
                0x000005d0       0x58 Output/Release/Obj/sthealth2/thumb_crt0.o

.debug_ranges   0x00000000      0xc38
 .debug_ranges  0x00000000      0x208 Output/Release/Obj/sthealth2/ble_conn_state.o
 .debug_ranges  0x00000208       0x10 Output/Release/Obj/sthealth2/ble_link_ctx_manager.o
 .debug_ranges  0x00000218       0x68 Output/Release/Obj/sthealth2/ble_nus.o
 .debug_ranges  0x00000280       0x50 Output/Release/Obj/sthealth2/ble_srv_common.o
 .debug_ranges  0x000002d0       0x58 Output/Release/Obj/sthealth2/bluetooth.o
 .debug_ranges  0x00000328       0x48 Output/Release/Obj/sthealth2/main.o
 .debug_ranges  0x00000370       0x30 Output/Release/Obj/sthealth2/max30101.o
 .debug_ranges  0x000003a0      0x140 Output/Release/Obj/sthealth2/nrf_atflags.o
 .debug_ranges  0x000004e0      0x140 Output/Release/Obj/sthealth2/nrf_sdh.o
 .debug_ranges  0x00000620       0x90 Output/Release/Obj/sthealth2/nrf_sdh_ble.o
 .debug_ranges  0x000006b0      0x268 Output/Release/Obj/sthealth2/nrfx_twim.o
 .debug_ranges  0x00000918       0x58 Output/Release/Obj/sthealth2/system_nrf52.o
 .debug_ranges  0x00000970       0x18 Output/Release/Obj/sthealth2/app_error.o
 .debug_ranges  0x00000988       0x10 Output/Release/Obj/sthealth2/app_error_weak.o
 .debug_ranges  0x00000998      0x208 Output/Release/Obj/sthealth2/nrf_atomic.o
 .debug_ranges  0x00000ba0       0x18 Output/Release/Obj/sthealth2/nrf_section_iter.o
 .debug_ranges  0x00000bb8       0x30 Output/Release/Obj/sthealth2/nrf_sdh_soc.o
 .debug_ranges  0x00000be8       0x50 Output/Release/Obj/sthealth2/thumb_crt0.o

.debug_macro    0x00000000     0x56d8
 .debug_macro   0x00000000      0x2b8 Output/Release/Obj/sthealth2/ble_conn_state.o
 .debug_macro   0x000002b8       0x10 Output/Release/Obj/sthealth2/ble_conn_state.o
 .debug_macro   0x000002c8       0x22 Output/Release/Obj/sthealth2/ble_conn_state.o
 .debug_macro   0x000002ea       0x58 Output/Release/Obj/sthealth2/ble_conn_state.o
 .debug_macro   0x00000342       0x49 Output/Release/Obj/sthealth2/ble_conn_state.o
 .debug_macro   0x0000038b       0x31 Output/Release/Obj/sthealth2/ble_conn_state.o
 .debug_macro   0x000003bc       0x11 Output/Release/Obj/sthealth2/ble_conn_state.o
 .debug_macro   0x000003cd       0x1c Output/Release/Obj/sthealth2/ble_conn_state.o
 .debug_macro   0x000003e9       0x46 Output/Release/Obj/sthealth2/ble_conn_state.o
 .debug_macro   0x0000042f       0x88 Output/Release/Obj/sthealth2/ble_conn_state.o
 .debug_macro   0x000004b7       0x3a Output/Release/Obj/sthealth2/ble_conn_state.o
 .debug_macro   0x000004f1       0x8c Output/Release/Obj/sthealth2/ble_conn_state.o
 .debug_macro   0x0000057d      0x224 Output/Release/Obj/sthealth2/ble_link_ctx_manager.o
 .debug_macro   0x000007a1      0x2eb Output/Release/Obj/sthealth2/ble_nus.o
 .debug_macro   0x00000a8c       0x22 Output/Release/Obj/sthealth2/ble_nus.o
 .debug_macro   0x00000aae       0x22 Output/Release/Obj/sthealth2/ble_nus.o
 .debug_macro   0x00000ad0       0x10 Output/Release/Obj/sthealth2/ble_nus.o
 .debug_macro   0x00000ae0       0x55 Output/Release/Obj/sthealth2/ble_nus.o
 .debug_macro   0x00000b35      0x179 Output/Release/Obj/sthealth2/ble_nus.o
 .debug_macro   0x00000cae       0x9a Output/Release/Obj/sthealth2/ble_nus.o
 .debug_macro   0x00000d48      0x1fb Output/Release/Obj/sthealth2/ble_srv_common.o
 .debug_macro   0x00000f43       0x22 Output/Release/Obj/sthealth2/ble_srv_common.o
 .debug_macro   0x00000f65      0x336 Output/Release/Obj/sthealth2/bluetooth.o
 .debug_macro   0x0000129b       0x16 Output/Release/Obj/sthealth2/bluetooth.o
 .debug_macro   0x000012b1       0x31 Output/Release/Obj/sthealth2/bluetooth.o
 .debug_macro   0x000012e2       0x16 Output/Release/Obj/sthealth2/bluetooth.o
 .debug_macro   0x000012f8      0x17f Output/Release/Obj/sthealth2/bluetooth.o
 .debug_macro   0x00001477       0x16 Output/Release/Obj/sthealth2/bluetooth.o
 .debug_macro   0x0000148d       0x1c Output/Release/Obj/sthealth2/bluetooth.o
 .debug_macro   0x000014a9       0x70 Output/Release/Obj/sthealth2/bluetooth.o
 .debug_macro   0x00001519       0x16 Output/Release/Obj/sthealth2/bluetooth.o
 .debug_macro   0x0000152f      0x39e Output/Release/Obj/sthealth2/main.o
 .debug_macro   0x000018cd      0x3dc Output/Release/Obj/sthealth2/main.o
 .debug_macro   0x00001ca9       0x59 Output/Release/Obj/sthealth2/main.o
 .debug_macro   0x00001d02       0x1f Output/Release/Obj/sthealth2/main.o
 .debug_macro   0x00001d21      0x131 Output/Release/Obj/sthealth2/main.o
 .debug_macro   0x00001e52       0x3f Output/Release/Obj/sthealth2/main.o
 .debug_macro   0x00001e91       0x19 Output/Release/Obj/sthealth2/main.o
 .debug_macro   0x00001eaa       0x1d Output/Release/Obj/sthealth2/main.o
 .debug_macro   0x00001ec7       0x35 Output/Release/Obj/sthealth2/main.o
 .debug_macro   0x00001efc       0x7b Output/Release/Obj/sthealth2/main.o
 .debug_macro   0x00001f77       0x1c Output/Release/Obj/sthealth2/main.o
 .debug_macro   0x00001f93       0x40 Output/Release/Obj/sthealth2/main.o
 .debug_macro   0x00001fd3       0x20 Output/Release/Obj/sthealth2/main.o
 .debug_macro   0x00001ff3       0x56 Output/Release/Obj/sthealth2/main.o
 .debug_macro   0x00002049       0x5b Output/Release/Obj/sthealth2/main.o
 .debug_macro   0x000020a4       0x37 Output/Release/Obj/sthealth2/main.o
 .debug_macro   0x000020db       0x3a Output/Release/Obj/sthealth2/main.o
 .debug_macro   0x00002115       0x28 Output/Release/Obj/sthealth2/main.o
 .debug_macro   0x0000213d       0x23 Output/Release/Obj/sthealth2/main.o
 .debug_macro   0x00002160       0x1c Output/Release/Obj/sthealth2/main.o
 .debug_macro   0x0000217c       0x10 Output/Release/Obj/sthealth2/main.o
 .debug_macro   0x0000218c       0x22 Output/Release/Obj/sthealth2/main.o
 .debug_macro   0x000021ae      0x25a Output/Release/Obj/sthealth2/main.o
 .debug_macro   0x00002408      0x16d Output/Release/Obj/sthealth2/main.o
 .debug_macro   0x00002575       0x22 Output/Release/Obj/sthealth2/main.o
 .debug_macro   0x00002597      0x32e Output/Release/Obj/sthealth2/max30101.o
 .debug_macro   0x000028c5      0x19e Output/Release/Obj/sthealth2/nrf_atflags.o
 .debug_macro   0x00002a63      0x292 Output/Release/Obj/sthealth2/nrf_sdh.o
 .debug_macro   0x00002cf5       0x2b Output/Release/Obj/sthealth2/nrf_sdh.o
 .debug_macro   0x00002d20       0x1c Output/Release/Obj/sthealth2/nrf_sdh.o
 .debug_macro   0x00002d3c      0x11b Output/Release/Obj/sthealth2/nrf_sdh.o
 .debug_macro   0x00002e57      0x16d Output/Release/Obj/sthealth2/nrf_sdh.o
 .debug_macro   0x00002fc4      0x2bb Output/Release/Obj/sthealth2/nrf_sdh_ble.o
 .debug_macro   0x0000327f      0x37d Output/Release/Obj/sthealth2/nrfx_twim.o
 .debug_macro   0x000035fc       0x28 Output/Release/Obj/sthealth2/nrfx_twim.o
 .debug_macro   0x00003624       0x1c Output/Release/Obj/sthealth2/nrfx_twim.o
 .debug_macro   0x00003640       0x42 Output/Release/Obj/sthealth2/nrfx_twim.o
 .debug_macro   0x00003682      0x13e Output/Release/Obj/sthealth2/system_nrf52.o
 .debug_macro   0x000037c0      0x44e Output/Release/Obj/sthealth2/system_nrf52.o
 .debug_macro   0x00003c0e      0xa28 Output/Release/Obj/sthealth2/system_nrf52.o
 .debug_macro   0x00004636      0x520 Output/Release/Obj/sthealth2/system_nrf52.o
 .debug_macro   0x00004b56      0x164 Output/Release/Obj/sthealth2/system_nrf52.o
 .debug_macro   0x00004cba      0x12a Output/Release/Obj/sthealth2/app_error.o
 .debug_macro   0x00004de4       0x64 Output/Release/Obj/sthealth2/app_error.o
 .debug_macro   0x00004e48      0x288 Output/Release/Obj/sthealth2/app_error_weak.o
 .debug_macro   0x000050d0      0x19e Output/Release/Obj/sthealth2/nrf_atomic.o
 .debug_macro   0x0000526e       0x42 Output/Release/Obj/sthealth2/nrf_atomic.o
 .debug_macro   0x000052b0      0x1a9 Output/Release/Obj/sthealth2/nrf_section_iter.o
 .debug_macro   0x00005459      0x269 Output/Release/Obj/sthealth2/nrf_sdh_soc.o
 .debug_macro   0x000056c2       0x16 Output/Release/Obj/sthealth2/nrf_sdh_soc.o

.debug_line     0x00000000     0x9f62
 .debug_line    0x00000000      0xd00 Output/Release/Obj/sthealth2/ble_conn_state.o
 .debug_line    0x00000d00      0x5a9 Output/Release/Obj/sthealth2/ble_link_ctx_manager.o
 .debug_line    0x000012a9      0xb09 Output/Release/Obj/sthealth2/ble_nus.o
 .debug_line    0x00001db2      0x726 Output/Release/Obj/sthealth2/ble_srv_common.o
 .debug_line    0x000024d8      0x9fe Output/Release/Obj/sthealth2/bluetooth.o
 .debug_line    0x00002ed6      0x966 Output/Release/Obj/sthealth2/main.o
 .debug_line    0x0000383c      0x976 Output/Release/Obj/sthealth2/max30101.o
 .debug_line    0x000041b2      0x776 Output/Release/Obj/sthealth2/nrf_atflags.o
 .debug_line    0x00004928      0xaeb Output/Release/Obj/sthealth2/nrf_sdh.o
 .debug_line    0x00005413      0x93d Output/Release/Obj/sthealth2/nrf_sdh_ble.o
 .debug_line    0x00005d50     0x19ee Output/Release/Obj/sthealth2/nrfx_twim.o
 .debug_line    0x0000773e       0xc0 Output/Release/Obj/sthealth2/ses_startup_nrf52.o
 .debug_line    0x000077fe       0xe2 Output/Release/Obj/sthealth2/ses_startup_nrf_common.o
 .debug_line    0x000078e0      0x7af Output/Release/Obj/sthealth2/system_nrf52.o
 .debug_line    0x0000808f      0x413 Output/Release/Obj/sthealth2/app_error.o
 .debug_line    0x000084a2      0x6eb Output/Release/Obj/sthealth2/app_error_weak.o
 .debug_line    0x00008b8d      0x760 Output/Release/Obj/sthealth2/nrf_atomic.o
 .debug_line    0x000092ed      0x4c0 Output/Release/Obj/sthealth2/nrf_section_iter.o
 .debug_line    0x000097ad      0x625 Output/Release/Obj/sthealth2/nrf_sdh_soc.o
 .debug_line    0x00009dd2      0x190 Output/Release/Obj/sthealth2/thumb_crt0.o

.debug_str      0x00000000    0x8c191
 .debug_str     0x00000000    0x8c191 Output/Release/Obj/sthealth2/ble_conn_state.o
                              0x75ba6 (size before relaxing)
 .debug_str     0x0008c191    0x72613 Output/Release/Obj/sthealth2/ble_link_ctx_manager.o
 .debug_str     0x0008c191    0x78316 Output/Release/Obj/sthealth2/ble_nus.o
 .debug_str     0x0008c191    0x71a1a Output/Release/Obj/sthealth2/ble_srv_common.o
 .debug_str     0x0008c191    0x797c2 Output/Release/Obj/sthealth2/bluetooth.o
 .debug_str     0x0008c191    0x75141 Output/Release/Obj/sthealth2/main.o
 .debug_str     0x0008c191    0x73728 Output/Release/Obj/sthealth2/max30101.o
 .debug_str     0x0008c191    0x6d527 Output/Release/Obj/sthealth2/nrf_atflags.o
 .debug_str     0x0008c191    0x722ae Output/Release/Obj/sthealth2/nrf_sdh.o
 .debug_str     0x0008c191    0x77113 Output/Release/Obj/sthealth2/nrf_sdh_ble.o
 .debug_str     0x0008c191    0x7515a Output/Release/Obj/sthealth2/nrfx_twim.o
 .debug_str     0x0008c191      0x11d Output/Release/Obj/sthealth2/ses_startup_nrf52.o
 .debug_str     0x0008c191      0x122 Output/Release/Obj/sthealth2/ses_startup_nrf_common.o
 .debug_str     0x0008c191    0x6abc5 Output/Release/Obj/sthealth2/system_nrf52.o
 .debug_str     0x0008c191    0x631e3 Output/Release/Obj/sthealth2/app_error.o
 .debug_str     0x0008c191    0x717bd Output/Release/Obj/sthealth2/app_error_weak.o
 .debug_str     0x0008c191    0x6d857 Output/Release/Obj/sthealth2/nrf_atomic.o
 .debug_str     0x0008c191    0x6d661 Output/Release/Obj/sthealth2/nrf_section_iter.o
 .debug_str     0x0008c191    0x7122a Output/Release/Obj/sthealth2/nrf_sdh_soc.o
 .debug_str     0x0008c191       0xe0 Output/Release/Obj/sthealth2/thumb_crt0.o

.comment        0x00000000       0x7a
 .comment       0x00000000       0x7a Output/Release/Obj/sthealth2/ble_conn_state.o
                                 0x3e (size before relaxing)
 .comment       0x0000007a       0x3e Output/Release/Obj/sthealth2/ble_link_ctx_manager.o
 .comment       0x0000007a       0x3e Output/Release/Obj/sthealth2/ble_nus.o
 .comment       0x0000007a       0x3e Output/Release/Obj/sthealth2/ble_srv_common.o
 .comment       0x0000007a       0x3e Output/Release/Obj/sthealth2/bluetooth.o
 .comment       0x0000007a       0x3e Output/Release/Obj/sthealth2/main.o
 .comment       0x0000007a       0x3e Output/Release/Obj/sthealth2/max30101.o
 .comment       0x0000007a       0x3e Output/Release/Obj/sthealth2/nrf_atflags.o
 .comment       0x0000007a       0x3e Output/Release/Obj/sthealth2/nrf_sdh.o
 .comment       0x0000007a       0x3e Output/Release/Obj/sthealth2/nrf_sdh_ble.o
 .comment       0x0000007a       0x3e Output/Release/Obj/sthealth2/nrfx_twim.o
 .comment       0x0000007a       0x3e Output/Release/Obj/sthealth2/system_nrf52.o
 .comment       0x0000007a       0x3e Output/Release/Obj/sthealth2/app_error.o
 .comment       0x0000007a       0x3e Output/Release/Obj/sthealth2/app_error_weak.o
 .comment       0x0000007a       0x3e Output/Release/Obj/sthealth2/nrf_atomic.o
 .comment       0x0000007a       0x3e Output/Release/Obj/sthealth2/nrf_section_iter.o
 .comment       0x0000007a       0x3e Output/Release/Obj/sthealth2/nrf_sdh_soc.o
 .comment       0x0000007a       0x3e /Applications/SEGGER/SEGGER Embedded Studio 8.18/lib/heapops_basic_v7em_fpv4_sp_d16_hard_t_le_eabi_balanced.a(heapops_basic.o)

.ARM.attributes
                0x00000000       0x38
 .ARM.attributes
                0x00000000       0x36 Output/Release/Obj/sthealth2/ble_conn_state.o
 .ARM.attributes
                0x00000036       0x36 Output/Release/Obj/sthealth2/ble_link_ctx_manager.o
 .ARM.attributes
                0x0000006c       0x36 Output/Release/Obj/sthealth2/ble_nus.o
 .ARM.attributes
                0x000000a2       0x36 Output/Release/Obj/sthealth2/ble_srv_common.o
 .ARM.attributes
                0x000000d8       0x36 Output/Release/Obj/sthealth2/bluetooth.o
 .ARM.attributes
                0x0000010e       0x36 Output/Release/Obj/sthealth2/main.o
 .ARM.attributes
                0x00000144       0x36 Output/Release/Obj/sthealth2/max30101.o
 .ARM.attributes
                0x0000017a       0x36 Output/Release/Obj/sthealth2/nrf_atflags.o
 .ARM.attributes
                0x000001b0       0x36 Output/Release/Obj/sthealth2/nrf_sdh.o
 .ARM.attributes
                0x000001e6       0x36 Output/Release/Obj/sthealth2/nrf_sdh_ble.o
 .ARM.attributes
                0x0000021c       0x36 Output/Release/Obj/sthealth2/nrfx_twim.o
 .ARM.attributes
                0x00000252       0x20 Output/Release/Obj/sthealth2/ses_startup_nrf52.o
 .ARM.attributes
                0x00000272       0x20 Output/Release/Obj/sthealth2/ses_startup_nrf_common.o
 .ARM.attributes
                0x00000292       0x36 Output/Release/Obj/sthealth2/system_nrf52.o
 .ARM.attributes
                0x000002c8       0x36 Output/Release/Obj/sthealth2/app_error.o
 .ARM.attributes
                0x000002fe       0x36 Output/Release/Obj/sthealth2/app_error_weak.o
 .ARM.attributes
                0x00000334       0x36 Output/Release/Obj/sthealth2/nrf_atomic.o
 .ARM.attributes
                0x0000036a       0x36 Output/Release/Obj/sthealth2/nrf_section_iter.o
 .ARM.attributes
                0x000003a0       0x36 Output/Release/Obj/sthealth2/nrf_sdh_soc.o
 .ARM.attributes
                0x000003d6       0x20 Output/Release/Obj/sthealth2/thumb_crt0.o
 .ARM.attributes
                0x000003f6       0x3e /Applications/SEGGER/SEGGER Embedded Studio 8.18/lib/heapops_basic_v7em_fpv4_sp_d16_hard_t_le_eabi_balanced.a(heapops_basic.o)
 .ARM.attributes
                0x00000434       0x20 /Applications/SEGGER/SEGGER Embedded Studio 8.18/lib/strops_unaligned_v7em_fpv4_sp_d16_hard_t_le_eabi_balanced.a(strasmops_arm.o)

.note.GNU-stack
                0x00000000        0x0
 .note.GNU-stack
                0x00000000        0x0 /Applications/SEGGER/SEGGER Embedded Studio 8.18/lib/heapops_basic_v7em_fpv4_sp_d16_hard_t_le_eabi_balanced.a(heapops_basic.o)

.debug_frame    0x00000000      0xd1c
 .debug_frame   0x00000000      0x2e0 Output/Release/Obj/sthealth2/ble_conn_state.o
 .debug_frame   0x000002e0       0x2c Output/Release/Obj/sthealth2/ble_link_ctx_manager.o
 .debug_frame   0x0000030c       0xc8 Output/Release/Obj/sthealth2/ble_nus.o
 .debug_frame   0x000003d4       0xd4 Output/Release/Obj/sthealth2/ble_srv_common.o
 .debug_frame   0x000004a8       0x74 Output/Release/Obj/sthealth2/bluetooth.o
 .debug_frame   0x0000051c       0x28 Output/Release/Obj/sthealth2/main.o
 .debug_frame   0x00000544       0x8c Output/Release/Obj/sthealth2/max30101.o
 .debug_frame   0x000005d0       0xd0 Output/Release/Obj/sthealth2/nrf_atflags.o
 .debug_frame   0x000006a0      0x164 Output/Release/Obj/sthealth2/nrf_sdh.o
 .debug_frame   0x00000804       0xb8 Output/Release/Obj/sthealth2/nrf_sdh_ble.o
 .debug_frame   0x000008bc      0x150 Output/Release/Obj/sthealth2/nrfx_twim.o
 .debug_frame   0x00000a0c       0x78 Output/Release/Obj/sthealth2/system_nrf52.o
 .debug_frame   0x00000a84       0x44 Output/Release/Obj/sthealth2/app_error.o
 .debug_frame   0x00000ac8       0x20 Output/Release/Obj/sthealth2/app_error_weak.o
 .debug_frame   0x00000ae8      0x1bc Output/Release/Obj/sthealth2/nrf_atomic.o
 .debug_frame   0x00000ca4       0x30 Output/Release/Obj/sthealth2/nrf_section_iter.o
 .debug_frame   0x00000cd4       0x48 Output/Release/Obj/sthealth2/nrf_sdh_soc.o
